// Jest Snapshot v1, https://goo.gl/fbAQLP

exports[`Message Component Test render test 1`] = `
<div
  className="message-container flex-end"
>
  <div />
  <div
    className="message-box background-blue"
  >
    <p
      className="message-text color-white"
    />
  </div>
</div>
`;
