// Jest Snapshot v1, https://goo.gl/fbAQLP

exports[`Messages Component Test render test 1`] = `
<div
  className="react-scroll-to-bottom--css-klayn-79elbk messages"
>
  <div
    className="react-scroll-to-bottom--css-klayn-1n7m0yu"
  />
</div>
`;
